// Jest Snapshot v1, https://goo.gl/fbAQLP

exports[`should render loginPage correctly 1`] = `
<div
  className="box-layout"
>
  <div
    className="box-layout__box"
  >
    <h1
      className="box-layout__title"
    >
      Expensify app
    </h1>
    <p>
      Please log in
    </p>
    <button
      className="box-layout__button"
    >
      Log in with Google
    </button>
  </div>
</div>
`;
